[
  {
    "label": "Wake up",
    "time": "06:30",
    "length": 2
  },
  {
    "label": "Nap",
    "time": "08:30",
    "length": 1
  },
  {
    "label": "Eat / Play",
    "time": "09:30",
    "length": 2.25
  },
  {
    "label": "Nap",
    "time": "11:45",
    "length": 1
  },
  {
    "label": "Eat / Play",
    "time": "12:45",
    "length": 2.25
  },
  {
    "label": "Nap",
    "time": "15:00",
    "length": 1
  },
  {
    "label": "Eat / Play",
    "time": "16:00",
    "length": 2.25
  },
  {
    "label": "Bedtime",
    "time": "18:15",
    "length": false
  }
]
