[
  {
    "label": "Wake up",
    "time": "06:30",
    "length": 3.5
  },
  {
    "label": "Nap",
    "time": "10:00",
    "length": 1
  },
  {
    "label": "Eat / Play",
    "time": "11:00",
    "length": 4
  },
  {
    "label": "Nap",
    "time": "15:00",
    "length": 1
  },
  {
    "label": "Eat / Play",
    "time": "16:00",
    "length": 4
  },
  {
    "label": "Bedtime",
    "time": "20:00",
    "length": false
  }
]
